2026-08-03 19:36:07 | INFO | src.common.util.MetaUtil | Detect the relationship between TestSE1 and TestSE1 is one-to-one
2026-08-03 19:36:07 | WARNING | src.common.util.MetaUtil | TestSE1 have no fastqs, skip it
2026-08-03 19:36:07 | INFO | src.common.util.MetaUtil | Detect the relationship between TestSE2 and TestSE2 is one-to-one
2026-08-03 19:36:07 | WARNING | src.common.util.MetaUtil | TestSE2 have no fastqs, skip it
2026-08-03 19:36:07 | INFO | src.common.util.MetaUtil | meta design is all none, skip build_design_pairs
2026-08-03 19:36:07 | INFO | src.common.util.MetaUtil | Detect the relationship between TestSE1 and TestSE1 is one-to-one
2026-08-03 19:36:07 | WARNING | src.common.util.MetaUtil | TestSE1 have no fastqs, skip it
2026-08-03 19:36:07 | INFO | src.common.util.MetaUtil | Detect the relationship between TestSE2 and TestSE2 is one-to-one
2026-08-03 19:36:07 | WARNING | src.common.util.MetaUtil | TestSE2 have no fastqs, skip it
2026-08-03 19:36:07 | INFO | src.common.util.MetaUtil | meta design is all none, skip build_design_pairs
2026-08-03 19:36:07 | ERROR | root | Unknown layout type for sample TestSE1: Layout.UNKNOWN
2026-08-03 19:36:07 | ERROR | root | Unknown layout type for sample TestSE2: Layout.UNKNOWN
2026-08-03 19:36:07 | INFO | root | [ncRNAseq] ['snakemake', '-s', '/home/luosg/Data/genomeStability/workflow/Omics/subworkflow/ncRNAseq.smk', '--configfile', '/home/luosg/Data/genomeStability/workflow/Omics/test/ncRNAseq/raw.json', '--cores', '4', '--conda-prefix', '/home/luosg/Data/genomeStability/workflow/Omics/test/.conda', '--rerun-triggers', 'input', '--use-conda', '--conda-frontend', 'mamba', '--dry-run']
2026-08-03 19:36:07 | INFO | src.common.util.CmdUtil | Running: snakemake -s /home/luosg/Data/genomeStability/workflow/Omics/subworkflow/ncRNAseq.smk --configfile /home/luosg/Data/genomeStability/workflow/Omics/test/ncRNAseq/raw.json --cores 4 --conda-prefix /home/luosg/Data/genomeStability/workflow/Omics/test/.conda --rerun-triggers input --use-conda --conda-frontend mamba --dry-run
2026-08-03 19:36:07 | ERROR | src.common.util.CmdUtil | Command failed with return code 1
2026-08-03 19:36:07 | ERROR | src.common.util.CmdUtil | STDOUT:
Support for alternative conda frontends has been deprecated in favor of simpler support and code base. This should not cause issues since current conda releases rely on fast solving via libmamba. Ignoring the alternative conda frontend setting (mamba).
fastqc_raw_config: {'ROOT_DIR': '/home/luosg/Data/genomeStability/workflow/Omics', 'indir': '/home/luosg/Data/genomeStability/workflow/Omics/test/ncRNAseq/common/1_raw_fastq', 'outdir': '/home/luosg/Data/genomeStability/workflow/Omics/test/ncRNAseq/QC/1_raw_fastqc', 'logdir': '/home/luosg/Data/genomeStability/workflow/Omics/test/ncRNAseq/log', 'log_suffix': 'raw.txt', 'paired_samples': [], 'single_samples': [], 'Procedure': {'fastqc': 'fastqc'}}
demultiplexer_config: {'ROOT_DIR': '/home/luosg/Data/genomeStability/workflow/Omics', 'indir': '/home/luosg/Data/genomeStability/workflow/Omics/test/ncRNAseq/common/1_raw_fastq', 'outdir': '/home/luosg/Data/genomeStability/workflow/Omics/test/ncRNAseq/common/2_trimmed_dedup_fastq/jla-demultiplexer', 'logdir': '/home/luosg/Data/genomeStability/workflow/Omics/test/ncRNAseq/log', 'paired_samples': [], 'single_samples': [], 'Params': {'demultiplexer': {}}}
TrimGalore parameters: {'ROOT_DIR': '/home/luosg/Data/genomeStability/workflow/Omics', 'indir': '/home/luosg/Data/genomeStability/workflow/Omics/test/ncRNAseq/common/2_trimmed_dedup_fastq/jla-demultiplexer', 'outdir': '/home/luosg/Data/genomeStability/workflow/Omics/test/ncRNAseq/common/2_trimmed_dedup_fastq/final_trimmed_fastq', 'logdir': '/home/luosg/Data/genomeStability/workflow/Omics/test/ncRNAseq/log', 'Procedure': {'trim_galore': '/home/luosg/Data/genomeStability/workflow/Omics/assests/test/data/ref/GRCm39'}, 'Params': {'trim_galore': {'quality': None}}}
subsample_config: {'ROOT_DIR': '/home/luosg/Data/genomeStability/workflow/Omics', 'indir': '/home/luosg/Data/genomeStability/workflow/Omics/test/ncRNAseq/common/2_trimmed_dedup_fastq/final_trimmed_fastq', 'outdir': '/home/luosg/Data/genomeStability/workflow/Omics/test/ncRNAseq/common/2_trimmed_dedup_fastq/trimmed_subsampled_fastq', 'logdir': '/home/luosg/Data/genomeStability/workflow/Omics/test/ncRNAseq/log', 'paired_samples': [], 'single_samples': [], 'Params': {'subsample': {'abund_small_rnas': ['U1', 'U2', 'U3', '7SL', '7SK'], 'subsample_n': 100000, 'subsample_seed': 42, 'hard_clip_direction': '5prime', 'hard_clip_length': 0}}}
fastqc_trimmed_config: {'ROOT_DIR': '/home/luosg/Data/genomeStability/workflow/Omics', 'indir': '/home/luosg/Data/genomeStability/workflow/Omics/test/ncRNAseq/common/2_trimmed_dedup_fastq/final_trimmed_fastq', 'outdir': '/home/luosg/Data/genomeStability/workflow/Omics/test/ncRNAseq/QC/2_trimmed_fastqc', 'logdir': '/home/luosg/Data/genomeStability/workflow/Omics/test/ncRNAseq/log', 'paired_samples': [], 'single_samples': [], 'log_suffix': 'trimmed.txt', 'Procedure': {'fastqc': 'fastqc'}}
genome_sm_config: {'ROOT_DIR': '/home/luosg/Data/genomeStability/workflow/Omics', 'outdir': '/home/luosg/Data/genomeStability/workflow/Omics/test/ncRNAseq', 'logdir': '/home/luosg/Data/genomeStability/workflow/Omics/test/ncRNAseq/log/genome', 'Procedure': {'samtools': '/home/luosg/Data/genomeStability/workflow/Omics/assests/test/data/ref/GRCm39', 'bedtools': '/home/luosg/Data/genomeStability/workflow/Omics/assests/test/data/ref/GRCm39'}, 'Params': {'smallrna_types': ['snRNA', 'misc_RNA', 'rRNA', 'rRNA_pseudogene', 'snoRNA', 'scaRNA', 'ribozyme', 'TERC'], 'smallrna_flank': 50}, 'genome': {'fasta': '/home/luosg/Data/genomeStability/workflow/Omics/assests/test/data/ref/GRCm39', 'gtf': '/home/luosg/Data/genomeStability/workflow/Omics/assests/test/data/ref/GRCm39'}}
star_3pass_gene_config: {'ROOT_DIR': '/home/luosg/Data/genomeStability/workflow/Omics', 'outdir': '/home/luosg/Data/genomeStability/workflow/Omics/test/ncRNAseq/common/3_raw_bam/per_gene', 'tail_outdir': '/home/luosg/Data/genomeStability/workflow/Omics/test/ncRNAseq/results/tailer', 'final_bam_dir': '/home/luosg/Data/genomeStability/workflow/Omics/test/ncRNAseq/common/3_raw_bam/final_bam', 'logdir': '/home/luosg/Data/genomeStability/workflow/Omics/test/ncRNAseq/log', 'Procedure': {'samtools': '/home/luosg/Data/genomeStability/workflow/Omics/assests/test/data/ref/GRCm39', 'bedtools': '/home/luosg/Data/genomeStability/workflow/Omics/assests/test/data/ref/GRCm39', 'STAR': '/home/luosg/Data/genomeStability/workflow/Omics/assests/test/data/ref/GRCm39', 'tailer': '/home/luosg/Data/genomeStability/workflow/Omics/assests/test/data/ref/GRCm39'}, 'Params': {'star_3pass_gene': {'mode': 'strict', 'ambiguous': 'exclude', 'flank': 50, 'hard_clip_5p': 10, 'local': {'genomeSAindexNbases': 3, 'alignEndsType': 'Local', 'outFilterMultimapNmax': 1000, 'outFilterMultimapScoreRange': 0, 'outFilterMismatchNoverLmax': 0.2, 'alignIntronMin': 9999999, 'alignMatesGapMax': 500}, 'batch': {'enabled': False}}, 'tailer': {'read': 2, 'threshold': 50, 'rev_comp': False}}, 'genome': {'smallrna_bed': '/home/luosg/Data/genomeStability/workflow/Omics/test/ncRNAseq/genome/smallrna/smallrna_genes.bed', 'genome_fasta': '/home/luosg/Data/genomeStability/workflow/Omics/assests/test/data/ref/GRCm39'}}
featureCounts_config: {'ROOT_DIR': '/home/luosg/Data/genomeStability/workflow/Omics', 'indir': '/home/luosg/Data/genomeStability/workflow/Omics/test/ncRNAseq/common/3_raw_bam/final_bam', 'outdir': '/home/luosg/Data/genomeStability/workflow/Omics/test/ncRNAseq/counts', 'logdir': '/home/luosg/Data/genomeStability/workflow/Omics/test/ncRNAseq/log', 'paired_samples': [], 'single_samples': [], 'Procedure': {'featureCounts': '/home/luosg/Data/genomeStability/workflow/Omics/assests/test/data/ref/GRCm39'}, 'genome': {'gtf': '/home/luosg/Data/genomeStability/workflow/Omics/assests/test/data/ref/GRCm39'}}
tailer_config: {'ROOT_DIR': '/home/luosg/Data/genomeStability/workflow/Omics', 'indir': '/home/luosg/Data/genomeStability/workflow/Omics/test/ncRNAseq/common/3_raw_bam/per_gene', 'outdir': '/home/luosg/Data/genomeStability/workflow/Omics/test/ncRNAseq/results/tailer', 'logdir': '/home/luosg/Data/genomeStability/workflow/Omics/test/ncRNAseq/log', 'paired_samples': [], 'single_samples': [], 'Procedure': {'tailer': '/home/luosg/Data/genomeStability/workflow/Omics/assests/test/data/ref/GRCm39'}, 'Params': {'tailer': {'read': 2, 'threshold': 50, 'rev_comp': False}}, 'genome': {'gtf': '/home/luosg/Data/genomeStability/workflow/Omics/assests/test/data/ref/GRCm39'}}
host: c2
Building DAG of jobs...
MissingInputException in rule ncRNAseq_star3pg_upstream_align in file "/home/luosg/Data/genomeStability/workflow/Omics/subworkflow/../modules/star/star_3pass/star_3pass.smk", line 78:
Missing input files for rule ncRNAseq_star3pg_upstream_align:
    output: /home/luosg/Data/genomeStability/workflow/Omics/test/ncRNAseq/common/3_raw_bam/final_bam/pass1/TestSE1/TestSE1.bam, /home/luosg/Data/genomeStability/workflow/Omics/test/ncRNAseq/common/3_raw_bam/final_bam/pass1/TestSE1/TestSE1.bam.bai, /home/luosg/Data/genomeStability/workflow/Omics/test/ncRNAseq/common/3_raw_bam/final_bam/pass1_extract/TestSE1/TestSE1_1.fq.gz, /home/luosg/Data/genomeStability/workflow/Omics/test/ncRNAseq/common/3_raw_bam/final_bam/pass1_extract/TestSE1/TestSE1_2.fq.gz, /home/luosg/Data/genomeStability/workflow/Omics/test/ncRNAseq/common/3_raw_bam/final_bam/pass2/TestSE1/TestSE1.bam, /home/luosg/Data/genomeStability/workflow/Omics/test/ncRNAseq/common/3_raw_bam/final_bam/pass2/TestSE1/TestSE1.bam.bai, /home/luosg/Data/genomeStability/workflow/Omics/test/ncRNAseq/common/3_raw_bam/final_bam/pass2_unmapped_fq/TestSE1/TestSE1_1.fq.gz, /home/luosg/Data/genomeStability/workflow/Omics/test/ncRNAseq/common/3_raw_bam/final_bam/pass2_unmapped_fq/TestSE1/TestSE1_2.fq.gz, /home/luosg/Data/genomeStability/workflow/Omics/test/ncRNAseq/common/3_raw_bam/final_bam/pass3a/TestSE1/TestSE1.bam, /home/luosg/Data/genomeStability/workflow/Omics/test/ncRNAseq/common/3_raw_bam/final_bam/pass3a/TestSE1/TestSE1.bam.bai, /home/luosg/Data/genomeStability/workflow/Omics/test/ncRNAseq/common/3_raw_bam/final_bam/pass3b/TestSE1/TestSE1.bam, /home/luosg/Data/genomeStability/workflow/Omics/test/ncRNAseq/common/3_raw_bam/final_bam/pass3b/TestSE1/TestSE1.bam.bai, /home/luosg/Data/genomeStability/workflow/Omics/test/ncRNAseq/common/3_raw_bam/final_bam/TestSE1/TestSE1.bam, /home/luosg/Data/genomeStability/workflow/Omics/test/ncRNAseq/common/3_raw_bam/final_bam/TestSE1/TestSE1.bam.bai
    wildcards: sample_id=TestSE1
    affected files:
        /home/luosg/Data/genomeStability/workflow/Omics/test/ncRNAseq/common/2_trimmed_dedup_fastq/trimmed_subsampled_fastq/TestSE1/TestSE1.single.fq.gz

2026-08-03 19:36:07 | ERROR | src.common.util.CmdUtil | STDERR:
[empty]
2026-08-03 19:36:07 | INFO | root | [Results (1 workflows)
2026-08-03 19:36:07 | INFO | root |   [FAIL] ncRNAseq
2026-08-03 19:36:07 | INFO | root |          Command execution failed: snakemake -s /home/luosg/Data/genomeStability/workflow/Omics/subworkflow/ncRNAseq.smk --configfile /home/luosg/Data/genomeStability/workflow/Omics/test/ncRNAseq/raw.json --co
2026-08-03 19:36:07 | INFO | root | 
  Passed: 0, Failed: 1, Total: 1
2026-08-03 19:36:07 | ERROR | root |   Failed workflows: ncRNAseq
